1) find /i "sushi" C:\Users\Martin\Desktop\*.txt


eg:

######
C:\Mahesh\Expeditors\KT\LearningsKT\Angular>find /i "angular" C:\Mahesh\Expeditors\KT\LearningsKT\Angular\*.doc



---------- C:\MAHESH\EXPEDITORS\KT\LEARNINGSKT\ANGULAR\10 COURSEPROJECT_USINGCOMPONENTS.DOCX

---------- C:\MAHESH\EXPEDITORS\KT\LEARNINGSKT\ANGULAR\11_COURSEPROJECT_ADDINGNAVIGATIONBAR.DOCX

---------- C:\MAHESH\EXPEDITORS\KT\LEARNINGSKT\ANGULAR\12_COURSEPROJECT_RECIPEMODEL.DOCX

---------- C:\MAHESH\EXPEDITORS\KT\LEARNINGSKT\ANGULAR\13_COURSEPROJECT_DISPLAYRECIPEDETAILS.DOCX

---------- C:\MAHESH\EXPEDITORS\KT\LEARNINGSKT\ANGULAR\14_COURSEPROJECT_WORKINGONSHOPPINGLISTCOMPONENT.DOCX

---------- C:\MAHESH\EXPEDITORS\KT\LEARNINGSKT\ANGULAR\15_DEBUGGING_UNDERSTANDINGANGULARERRORMESSAGES.DOCX

---------- C:\MAHESH\EXPEDITORS\KT\LEARNINGSKT\ANGULAR\16_SPLITTINGAPPSINTOCOMPONENTS.DOCX

---------- C:\MAHESH\EXPEDITORS\KT\LEARNINGSKT\ANGULAR\17_PROPERTYEVENTBINDING.DOCX

---------- C:\MAHESH\EXPEDITORS\KT\LEARNINGSKT\ANGULAR\1 ANGULARINTRO.DOCX

---------- C:\MAHESH\EXPEDITORS\KT\LEARNINGSKT\ANGULAR\2 ANGULARGETTINGSTARTED.DOCX

############

2) If you want the number and the file info, use this command:
find /v /c “” C:\Users\Martin\Desktop\sample.txt

find //i "angular" C:\Mahesh\Expeditors\KT\LearningsKT\Angular\*.doc




3) To find the number of lines in a file:
type C:\MAHESH\EXPEDITORS\KT\LEARNINGSKT\ANGULAR\2 ANGULARGETTINGSTARTED.DOCX| find "" /v /c

Eg:
#####
C:\Mahesh\Expeditors\KT\LearningsKT\Angular>type C:\MAHESH\EXPEDITORS\KT\LEARNINGSKT\ANGULAR\2 ANGULARGETTINGSTARTED.DOCX| find "" /v /c
The system cannot find the file specified.
Error occurred while processing: C:\MAHESH\EXPEDITORS\KT\LEARNINGSKT\ANGULAR\2.
The system cannot find the file specified.
Error occurred while processing: ANGULARGETTINGSTARTED.DOCX.
0

C:\Mahesh\Expeditors\KT\LearningsKT\Angular>type C:\MAHESH\EXPEDITORS\KT\LEARNINGSKT\ANGULAR\"2 ANGULARGETTINGSTARTED.DOCX"| find "" /v /c
8302
#############


4) To count multiple lines of files in folder:

find /v /c “” C:\Mahesh\Expeditors\KT\LearningsKT\Angular\*.doc

#########

C:\Mahesh\Expeditors\KT\LearningsKT\Angular>find /v /c "" C:\Mahesh\Expeditors\KT\LearningsKT\Angular\*.doc

---------- C:\MAHESH\EXPEDITORS\KT\LEARNINGSKT\ANGULAR\10 COURSEPROJECT_USINGCOMPONENTS.DOCX: 13113

---------- C:\MAHESH\EXPEDITORS\KT\LEARNINGSKT\ANGULAR\11_COURSEPROJECT_ADDINGNAVIGATIONBAR.DOCX: 9590

---------- C:\MAHESH\EXPEDITORS\KT\LEARNINGSKT\ANGULAR\12_COURSEPROJECT_RECIPEMODEL.DOCX: 29780

---------- C:\MAHESH\EXPEDITORS\KT\LEARNINGSKT\ANGULAR\13_COURSEPROJECT_DISPLAYRECIPEDETAILS.DOCX: 5252

---------- C:\MAHESH\EXPEDITORS\KT\LEARNINGSKT\ANGULAR\14_COURSEPROJECT_WORKINGONSHOPPINGLISTCOMPONENT.DOCX: 17698

---------- C:\MAHESH\EXPEDITORS\KT\LEARNINGSKT\ANGULAR\15_DEBUGGING_UNDERSTANDINGANGULARERRORMESSAGES.DOCX: 7588

---------- C:\MAHESH\EXPEDITORS\KT\LEARNINGSKT\ANGULAR\16_SPLITTINGAPPSINTOCOMPONENTS.DOCX: 10403

---------- C:\MAHESH\EXPEDITORS\KT\LEARNINGSKT\ANGULAR\17_PROPERTYEVENTBINDING.DOCX: 10638

---------- C:\MAHESH\EXPEDITORS\KT\LEARNINGSKT\ANGULAR\1 ANGULARINTRO.DOCX: 9037

---------- C:\MAHESH\EXPEDITORS\KT\LEARNINGSKT\ANGULAR\2 ANGULARGETTINGSTARTED.DOCX: 8301

---------- C:\MAHESH\EXPEDITORS\KT\LEARNINGSKT\ANGULAR\3 COMPONENTS.DOCX: 85536

---------- C:\MAHESH\EXPEDITORS\KT\LEARNINGSKT\ANGULAR\4 DATABINDING.DOCX: 33547

---------- C:\MAHESH\EXPEDITORS\KT\LEARNINGSKT\ANGULAR\5 STRINGINTERPOL VS PROPERTYBINDING.DOCX: 4031

---------- C:\MAHESH\EXPEDITORS\KT\LEARNINGSKT\ANGULAR\67 ASSIGNING AN ALIAS TO CUSTOM PROPERTIES.DOCX: 13505

---------- C:\MAHESH\EXPEDITORS\KT\LEARNINGSKT\ANGULAR\68. BINDING TO CUSTOM EVENTS.DOCX: 54840

---------- C:\MAHESH\EXPEDITORS\KT\LEARNINGSKT\ANGULAR\69. ASSIGNING AN ALIAS TO CUSTOM EVENTS.DOCX: 14025

---------- C:\MAHESH\EXPEDITORS\KT\LEARNINGSKT\ANGULAR\6 EVENTBINDING.DOCX: 22690

---------- C:\MAHESH\EXPEDITORS\KT\LEARNINGSKT\ANGULAR\70. CUSTOM PROPERTY AND EVENT BINDING SUMMARY.DOCX: 2403

---------- C:\MAHESH\EXPEDITORS\KT\LEARNINGSKT\ANGULAR\7 TWOWAYDATABINDING.DOCX: 11624

---------- C:\MAHESH\EXPEDITORS\KT\LEARNINGSKT\ANGULAR\8 DIRECTIVES.DOCX: 43517

---------- C:\MAHESH\EXPEDITORS\KT\LEARNINGSKT\ANGULAR\9 COURSE PROJECT_SETUP_CREATECOMPONENTS.DOCX: 19378

---------- C:\MAHESH\EXPEDITORS\KT\LEARNINGSKT\ANGULAR\USECASES.DOCX: 2406

---------- C:\MAHESH\EXPEDITORS\KT\LEARNINGSKT\ANGULAR\~$. ASSIGNING AN ALIAS TO CUSTOM EVENTS.DOCX: 90

---------- C:\MAHESH\EXPEDITORS\KT\LEARNINGSKT\ANGULAR\~$. CUSTOM PROPERTY AND EVENT BINDING SUMMARY.DOCX: 90

---------- C:\MAHESH\EXPEDITORS\KT\LEARNINGSKT\ANGULAR\~$EVENTBINDING.DOCX: 90

---------- C:\MAHESH\EXPEDITORS\KT\LEARNINGSKT\ANGULAR\~$TWOWAYDATABINDING.DOCX: 90

---------- C:\MAHESH\EXPEDITORS\KT\LEARNINGSKT\ANGULAR\~$_COURSEPROJECT_ADDINGNAVIGATIONBAR.DOCX: 90

---------- C:\MAHESH\EXPEDITORS\KT\LEARNINGSKT\ANGULAR\~$_COURSEPROJECT_RECIPEMODEL.DOCX: 90

---------- C:\MAHESH\EXPEDITORS\KT\LEARNINGSKT\ANGULAR\~$_SPLITTINGAPPSINTOCOMPONENTS.DOCX: 90
######


5) Output of command to a file:

C:\Users\gs1-maheswarane>find /i "angular" C:\Mahesh\Expeditors\KT\LearningsKT\Angular\*.doc > C:\Mahesh\test.txt