1) netstat -ano
-> to list all processes with ports

->  To get details on processes running on particular port. eg 21 here : 

netstat -p tcp -ano | findstr :21 


eg: 
C:\Users\gs1-maheswarane>netstat -p tcp -ano | findstr :8443
  TCP    0.0.0.0:8443           0.0.0.0:0              LISTENING       16512
  
  
  
-> To get process name from PID:

----------------------------------
C:\Users\gs1-maheswarane>tasklist /fi "pid eq 16512"

Image Name                     PID Session Name        Session#    Mem Usage
========================= ======== ================ =========== ============
java.exe                     16512 Console                    1    305,660 K

---------------------------------------


2) 
If you want to list a process and its command line, process id in Windows, this is the command:

wmic process where "name='java.exe'" get ProcessID, CommandLine
That is the equivalent of "ps -ef | grep java" in Linux.


3) To list all java processes using jps command: jps 

C:\Users\gs1-maheswarane>jps
1264 RemoteMavenServer36
17520 RemoteMavenServer36
1684
7716 Launcher
16408 Jps
19192 JConsole


4) jps -l displays the full package name for the application’s main class or the full pathname to the application’s JAR file.

command:

jps -l


5) 
Print process ids along with class name and arguments passed to the main method.
jps -m displays the arguments passed to the main method

jps -m
Output:

2468
10726 Jps -m
7067 Main
7470 Launcher /home/vipin/.local/share/JetBrains/Toolbox/apps/IDEA-C/ch-0/203.7148.57/lib/commons-lang3-3.10.jar:/home/vipin/.local/share/JetBrains/Toolbox/apps/IDEA-C/ch-0/203.7148.57/lib/httpclient-4.5.12.jar:/home/vipin/.local/share/JetBrains/Toolbox/apps/IDEA-C/ch-0/203.7148.57/lib/annotations.jar:/home/vipin/.local/share/JetBrains/Toolbox/apps/IDEA-C/ch-0/203.7148.57/lib/netty-buffer-4.1.52.Final.jar:/home/vipin/.local/share/JetBrains/Toolbox/apps/IDEA-C/ch-0/203.7148.57/plugins/java/lib/jps-javac-extension-1.jar:/home/vipin/.local/share/JetBrains/Toolbox/apps/IDEA-C/ch-0/203.7148.57/lib/jdom.jar:/home/vipin/.local/share/JetBrains/Toolbox/apps/IDEA-C/ch-0/203.7148.57/lib/netty-resolver-4.1.52.Final.jar:/home/vipin/.local/share/JetBrains/Toolbox/apps/IDEA-C/ch-0/203.7148.57/lib/maven-resolver-api-1.3.3.jar:/home/vipin/.local/share/JetBrains/Toolbox/apps/IDEA-C/ch-0/203.7148.57/plugins/java/lib/maven-resolver-connector-basic-1.3.3.jar:/home/vipin/.local/share/JetBrains/Toolbox/apps/IDE
10366 Test argument1 argument2


6) 
Print JVM arguments passed to Java process
jps -v displays the arguments passed to the JVM.
----> this lists even the hidden processes 

jps -v
Output:

2468  -Djava.library.path=/tmp/.mount_jetbraH5N0hQ -Xmx256m -Xms8m -Xss256k -XX:+UseStringDeduplication -XX:+UseCompressedOops -XX:+UseSerialGC -Djava.awt.headless=true -Djava.net.preferIPv4Stack=true -Djdk.lang.processReaperUseDefaultStackSize=true vfprintf exit abort -DTOOLBOX_VERSION=1.20.7940
10501 Jps -Dapplication.home=/home/vipin/githubprojects/jdk/build/linux-x86_64-server-release/jdk -Xms8m -Djdk.module.main=jdk.jcmd
7067 Main -Xms128m -Xmx2048m -XX:ReservedCodeCacheSize=512m -XX:+UseConcMarkSweepGC -XX:SoftRefLRUPolicyMSPerMB=50 -XX:CICompilerCount=2 -XX:+HeapDumpOnOutOfMemoryError -XX:-OmitStackTraceInFastThrow -ea -Dsun.io.useCanonCaches=false -Djdk.http.auth.tunneling.disabledSchemes="" -Djdk.attach.allowAttachSelf=true -Djdk.module.illegalAccess.silent=true -Dkotlinx.coroutines.debug=off -Dsun.tools.attach.tmp.only=true -Dide.no.platform.update=true -XX:ErrorFile=/home/vipin/java_error_in_idea_%p.log -XX:HeapDumpPath=/home/vipin/java_error_in_idea_.hprof -Didea.vendor.name=JetBrains -Didea.paths.selector=IdeaIC2020.3 -Djb.vmOptionsFile=/home/vipin/.local/share/JetBrains/Toolbox/apps/IDEA-C/ch-0/203.7148.57.vmoptions -Didea.platform.prefix=Idea -Didea.jre.check=true
7470 Launcher -Xmx700m -Djava.awt.headless=true -Djdt.compiler.useSingleThread=true -Dpreload.project.path=/home/vipin/githubprojects/jdk -Dpreload.config.path=/home/vipin/.config/JetBrains/IdeaIC2020.3/options -Dcompile.parallel=false -Drebuild.on.dependency.change=true -Dio.netty.initialSeedUniquifier=4046065713679813272 -Dfile.encoding=UTF-8 -Duser.language=en -Duser.country=IN -Didea.paths.selector=IdeaIC2020.3 -Didea.home.path=/home/vipin/.local/share/JetBrains/Toolbox/apps/IDEA-C/ch-0/203.7148.57 -Didea.config.path=/home/vipin/.config/JetBrains/IdeaIC2020.3 -Didea.plugins.path=/home/vipin/.local/share/JetBrains/IdeaIC2020.3 -Djps.log.dir=/home/vipin/.cache/JetBrains/IdeaIC2020.3/log/build-log -Djps.fallback.jdk.home=/home/vipin/.local/share/JetBrains/Toolbox/apps/IDEA-C/ch-0/203.7148.57/jbr -Djps.fallback.jdk.version=11.0.9.1 -Dio.netty.noUnsafe=true -Djava.io.tmpdir=/home/vipin/.cache/JetBrains/IdeaIC2020.3/compile-server/jdk_5c2ba8e3/_temp_ -Djps.backward.ref.index.builder=true -Dkotlin.incremental.compilation=true
10366 Test -XX:ConcGCThreads=6 -Xmx256m -Xms8m -Xss256k



7)  gets details about cpu 
C:\Users\gs1-maheswarane>wmic cpu get
AddressWidth  Architecture  AssetTag  Availability  Caption                                Characteristics  ConfigManagerErrorCode  ConfigManagerUserConfig  CpuStatus  CreationClassName  CurrentClockSpeed  CurrentVoltage  DataWidth  Description                            DeviceID  ErrorCleared  ErrorDescription  ExtClock  Family  InstallDate  L2CacheSize  L2CacheSpeed  L3CacheSize  L3CacheSpeed  LastErrorCode  Level  LoadPercentage  Manufacturer  MaxClockSpeed  Name                                            NumberOfCores  NumberOfEnabledCore  NumberOfLogicalProcessors  OtherFamilyDescription  PartNumber  PNPDeviceID  PowerManagementCapabilities  PowerManagementSupported  ProcessorId       ProcessorType  Revision  Role  SecondLevelAddressTranslationExtensions  SerialNumber  SocketDesignation  Status  StatusInfo  Stepping  SystemCreationClassName  SystemName       ThreadCount  UniqueId  UpgradeMethod  Version  VirtualizationFirmwareEnabled  VMMonitorModeExtensions  VoltageCaps
64            9             None      3             Intel64 Family 6 Model 140 Stepping 1  252     



8) to print routing table details:
#############
C:\Users\gs1-maheswarane>route print
===========================================================================
Interface List
 52..........................._Common_TokenAccess_NA - ras-global.expeditors.com
 12...6c 24 08 8b cd d0 ......Intel(R) Ethernet Connection (13) I219-V
 11...f4 a8 0d 1e af 23 ......Realtek USB GbE Family Controller
 24...bc 6e e2 b0 34 7b ......Microsoft Wi-Fi Direct Virtual Adapter
 17...be 6e e2 b0 34 7a ......Microsoft Wi-Fi Direct Virtual Adapter #2
  6...bc 6e e2 b0 34 7a ......Intel(R) Wi-Fi 6 AX201 160MHz
 18...bc 6e e2 b0 34 7e ......Bluetooth Device (Personal Area Network)
  1...........................Software Loopback Interface 1
===========================================================================

IPv4 Route Table
===========================================================================
Active Routes:
Network Destination        Netmask          Gateway       Interface  Metric
          0.0.0.0          0.0.0.0         On-link     10.252.191.49      1
       3.6.70.192  255.255.255.192     10.249.131.1   10.249.131.125     45
         3.7.35.0  255.255.255.128     10.249.131.1   10.249.131.125     45
     3.21.137.128  255.255.255.128     10.249.131.1   10.249.131.125     45
        3.22.11.0    255.255.255.0     10.249.131.1   10.249.131.125     45

##########################